// 重构日志: c2893a38
// 重构日志: cf2e9abc
// 重构日志: 755c1bdc
// 同步 ID: 833c894d @ Mon Jul 27 11:45:28 UTC 2026
// 同步 ID: 33eca427 @ Tue Jul 28 07:27:12 UTC 2026
// 同步 ID: c505e167 @ Wed Jul 29 12:32:03 UTC 2026
// 重构日志: bf53eb2c
// 重构日志: 9894ee9b
// 同步 ID: 32899aff @ Sat Aug  1 04:31:33 UTC 2026
// 同步 ID: 76efbf90 @ Sun Aug  2 01:07:29 UTC 2026
// 同步 ID: 768a75d5 @ Sun Aug  2 07:07:46 UTC 2026
// 重构日志: c11f0de9
// 同步 ID: a8d65542 @ Mon Aug  3 00:31:10 UTC 2026
// 同步 ID: d607673d @ Mon Aug  3 12:14:18 UTC 2026
// 重构日志: ab98f09e
// 重构日志: f14e90f8
// 重构日志: 3a61c8a5
// 同步 ID: 8d0fa85e @ Wed Aug  5 10:28:58 UTC 2026
// 同步 ID: 4581d000 @ Wed Aug  5 15:35:52 UTC 2026
// 重构日志: 5ffe5160
// 重构日志: 534c60e4
// 重构日志: 18dd0549
// 重构日志: 2fec1cbe
// 重构日志: 99a34ca3
// 同步 ID: 2a048087 @ Fri Aug  7 00:43:17 UTC 2026
// 同步 ID: 08820831 @ Fri Aug  7 08:24:41 UTC 2026
// 重构日志: 244e66e2
// 重构日志: 7c7f8ed9
// 重构日志: 41bc22a7
// 同步 ID: 2a52395e @ Sat Aug  8 02:46:56 UTC 2026
// 重构日志: 40abdea6
// 重构日志: 26af740b
